[2026-08-14T13:14:38] ============================================================
[2026-08-14T13:14:38] worker.py iniciando (import de protocol.py OK)
[2026-08-14T13:14:39] numpy OK, versao 2.5.1
[2026-08-14T13:14:39] dawdreamer OK, tem RenderEngine: True
[2026-08-14T13:14:39] AVISO: sounddevice indisponível (ModuleNotFoundError: No module named 'sounddevice') -- motor ao vivo desativado, resto OK
[2026-08-14T13:14:39] main() iniciou
[2026-08-14T13:14:39] args parseados: host=127.0.0.1 port=0
[2026-08-14T13:14:39] thread JUCE dedicada iniciada -- toda interação com dawdreamer passa por aqui
[2026-08-14T13:14:39] socket bind+listen OK na porta 54649
[2026-08-14T13:14:39] handshake enviado, esperando conexao (accept)...
[2026-08-14T13:14:39] conexao aceita de ('127.0.0.1', 54650)
[2026-08-14T13:14:43] [thread JUCE] abrindo editor de 'Serum2' (janela nativa do plugin)...
[2026-08-14T13:14:43] [live:Serum2] sounddevice indisponível, motor ao vivo não iniciado
[2026-08-14T13:14:47] ============================================================
[2026-08-14T13:14:47] worker.py iniciando (import de protocol.py OK)
[2026-08-14T13:14:47] numpy OK, versao 2.5.1
[2026-08-14T13:14:47] dawdreamer OK, tem RenderEngine: True
[2026-08-14T13:14:47] AVISO: sounddevice indisponível (ModuleNotFoundError: No module named 'sounddevice') -- motor ao vivo desativado, resto OK
[2026-08-14T13:14:47] main() iniciou
[2026-08-14T13:14:47] args parseados: host=127.0.0.1 port=0
[2026-08-14T13:14:47] thread JUCE dedicada iniciada -- toda interação com dawdreamer passa por aqui
[2026-08-14T13:14:47] socket bind+listen OK na porta 54653
[2026-08-14T13:14:47] handshake enviado, esperando conexao (accept)...
[2026-08-14T13:14:47] conexao aceita de ('127.0.0.1', 54654)
